Component: ARM Compiler 5.06 update 2 (build 183) Tool: armlink [4d35b7]

==============================================================================

Section Cross References

    main.o(i.GetDataEvent) refers to ffixi.o(.text) for __aeabi_f2iz
    main.o(i.GetDataEvent) refers to main.o(.data) for Angle_Y
    main.o(i.GetMPU) refers to main.o(i.ReadDMP) for ReadDMP
    main.o(i.GetMPU) refers to fflti.o(.text) for __aeabi_i2f
    main.o(i.GetMPU) refers to cfrcmple.o(.text) for __aeabi_cfrcmple
    main.o(i.GetMPU) refers to fadd.o(.text) for __aeabi_fsub
    main.o(i.GetMPU) refers to f2d.o(.text) for __aeabi_f2d
    main.o(i.GetMPU) refers to atan2.o(i.atan2) for atan2
    main.o(i.GetMPU) refers to dmul.o(.text) for __aeabi_dmul
    main.o(i.GetMPU) refers to ddiv.o(.text) for __aeabi_ddiv
    main.o(i.GetMPU) refers to d2f.o(.text) for __aeabi_d2f
    main.o(i.GetMPU) refers to filter.o(i.Kalman_Filter) for Kalman_Filter
    main.o(i.GetMPU) refers to filter.o(i.Yijielvbo) for Yijielvbo
    main.o(i.GetMPU) refers to main.o(.data) for Angle_Y
    main.o(i.GetMPU) refers to iic.o(.constdata) for IIC
    main.o(i.GetMPU) refers to filter.o(.data) for angle
    main.o(i.GetMPUTick) refers to main.o(i.GetMPU) for GetMPU
    main.o(i.ReadDMP) refers to inv_mpu_dmp_motion_driver.o(i.dmp_read_fifo) for dmp_read_fifo
    main.o(i.ReadDMP) refers to fflti.o(.text) for __aeabi_i2f
    main.o(i.ReadDMP) refers to fdiv.o(.text) for __aeabi_fdiv
    main.o(i.ReadDMP) refers to fmul.o(.text) for __aeabi_fmul
    main.o(i.ReadDMP) refers to fadd.o(.text) for __aeabi_fadd
    main.o(i.ReadDMP) refers to f2d.o(.text) for __aeabi_f2d
    main.o(i.ReadDMP) refers to asin.o(i.asin) for asin
    main.o(i.ReadDMP) refers to dmul.o(.text) for __aeabi_dmul
    main.o(i.ReadDMP) refers to d2f.o(.text) for __aeabi_d2f
    main.o(i.SetDataEvent) refers to ffltui.o(.text) for __aeabi_ui2f
    main.o(i.SetDataEvent) refers to fdiv.o(.text) for __aeabi_fdiv
    main.o(i.SetDataEvent) refers to main.o(.data) for KP
    main.o(i.SetDataEvent) refers to motor.o(.constdata) for Motor
    main.o(i.balance) refers to fadd.o(.text) for __aeabi_fsub
    main.o(i.balance) refers to fmul.o(.text) for __aeabi_fmul
    main.o(i.balance) refers to ffixi.o(.text) for __aeabi_f2iz
    main.o(i.balance) refers to main.o(.data) for KD
    main.o(i.control) refers to main.o(i.balance) for balance
    main.o(i.control) refers to cfcmple.o(.text) for __aeabi_cfcmple
    main.o(i.control) refers to cfrcmple.o(.text) for __aeabi_cfrcmple
    main.o(i.control) refers to encoder.o(.constdata) for Encoder
    main.o(i.control) refers to main.o(.data) for LNow
    main.o(i.control) refers to motor.o(.constdata) for Motor
    main.o(i.main) refers to sys.o(i.Stm32_Clock_Init) for Stm32_Clock_Init
    main.o(i.main) refers to sys.o(i.JTAG_Set) for JTAG_Set
    main.o(i.main) refers to delay.o(i.delay_init) for delay_init
    main.o(i.main) refers to delay.o(i.delay_ms) for delay_ms
    main.o(i.main) refers to inv_mpu.o(i.mpu_dmp_init) for mpu_dmp_init
    main.o(i.main) refers to motor.o(.constdata) for Motor
    main.o(i.main) refers to encoder.o(.constdata) for Encoder
    main.o(i.main) refers to pid.o(.constdata) for PID
    main.o(i.main) refers to main.o(.bss) for LPID
    main.o(i.main) refers to timer.o(.constdata) for Timer
    main.o(i.main) refers to mpu6050.o(.constdata) for MPU
    main.o(i.main) refers to uart.o(.constdata) for UART
    main.o(i.main) refers to uartprotocol.o(i.OnRecvData) for OnRecvData
    main.o(i.main) refers to main.o(i.GetMPUTick) for GetMPUTick
    main.o(i.main) refers to main.o(i.control) for control
    main.o(i.main) refers to main.o(i.tick) for tick
    main.o(i.main) refers to uartprotocol.o(.constdata) for UartProtocol
    main.o(i.main) refers to uartprotocol.o(.bss) for buffdata
    main.o(i.main) refers to wifi.o(.constdata) for wifi
    main.o(i.main) refers to main.o(i.GetDataEvent) for GetDataEvent
    main.o(i.main) refers to main.o(i.SetDataEvent) for SetDataEvent
    main.o(i.tick) refers to main.o(.data) for butbit
    main.o(i.velocity) refers to fflti.o(.text) for __aeabi_i2f
    main.o(i.velocity) refers to f2d.o(.text) for __aeabi_f2d
    main.o(i.velocity) refers to dmul.o(.text) for __aeabi_dmul
    main.o(i.velocity) refers to d2f.o(.text) for __aeabi_d2f
    main.o(i.velocity) refers to dadd.o(.text) for __aeabi_dadd
    main.o(i.velocity) refers to fadd.o(.text) for __aeabi_fadd
    main.o(i.velocity) refers to cfrcmple.o(.text) for __aeabi_cfrcmple
    main.o(i.velocity) refers to cfcmple.o(.text) for __aeabi_cfcmple
    main.o(i.velocity) refers to fmul.o(.text) for __aeabi_fmul
    main.o(i.velocity) refers to ffixi.o(.text) for __aeabi_f2iz
    main.o(i.velocity) refers to main.o(.data) for LNow
    startup_stm32f10x_md.o(RESET) refers to startup_stm32f10x_md.o(STACK) for __initial_sp
    startup_stm32f10x_md.o(RESET) refers to startup_stm32f10x_md.o(.text) for Reset_Handler
[...]
    i.UART_SendString                        0x08002b1c   Section        0  uart.o(i.UART_SendString)
    i.USART1_IRQHandler                      0x08002b3c   Section        0  uart.o(i.USART1_IRQHandler)
    i.UartCmd                                0x08002b5c   Section        0  uartprotocol.o(i.UartCmd)
    i.UnRegisterCmdEvent                     0x08002c08   Section        0  uartprotocol.o(i.UnRegisterCmdEvent)
    i.Wait_Ack                               0x08002c34   Section        0  iic.o(i.Wait_Ack)
    Wait_Ack                                 0x08002c35   Thumb Code    86  iic.o(i.Wait_Ack)
    i.WriteBuff                              0x08002c98   Section        0  uartprotocol.o(i.WriteBuff)
    WriteBuff                                0x08002c99   Thumb Code    62  uartprotocol.o(i.WriteBuff)
    i.WriteByte                              0x08002ce4   Section        0  uartprotocol.o(i.WriteByte)
    WriteByte                                0x08002ce5   Thumb Code    38  uartprotocol.o(i.WriteByte)
    i.WriteDWord                             0x08002d14   Section        0  uartprotocol.o(i.WriteDWord)
    WriteDWord                               0x08002d15   Thumb Code   102  uartprotocol.o(i.WriteDWord)
    i.WriteFloat                             0x08002d84   Section        0  uartprotocol.o(i.WriteFloat)
    WriteFloat                               0x08002d85   Thumb Code   102  uartprotocol.o(i.WriteFloat)
    i.WriteWord                              0x08002df4   Section        0  uartprotocol.o(i.WriteWord)
    WriteWord                                0x08002df5   Thumb Code    62  uartprotocol.o(i.WriteWord)
    i.Write_Byte                             0x08002e3c   Section        0  mpu6050.o(i.Write_Byte)
    Write_Byte                               0x08002e3d   Thumb Code    88  mpu6050.o(i.Write_Byte)
    i.Write_Len                              0x08002e98   Section        0  mpu6050.o(i.Write_Len)
    Write_Len                                0x08002e99   Thumb Code   116  mpu6050.o(i.Write_Len)
    i.Writestr                               0x08002f10   Section        0  uartprotocol.o(i.Writestr)
    Writestr                                 0x08002f11   Thumb Code    48  uartprotocol.o(i.Writestr)
    i.Yijielvbo                              0x08002f4c   Section        0  filter.o(i.Yijielvbo)
    i.ZeroDelay                              0x08002fe0   Section        0  timer.o(i.ZeroDelay)
    i.__0printf$8                            0x08002ffc   Section        0  printf8.o(i.__0printf$8)
    i.__0sprintf$8                           0x0800301c   Section        0  printf8.o(i.__0sprintf$8)
    i.__ARM_fpclassify                       0x08003044   Section        0  fpclassify.o(i.__ARM_fpclassify)
    i.__aeabi_errno_addr                     0x0800306c   Section        0  errno.o(i.__aeabi_errno_addr)
    i.__kernel_poly                          0x08003074   Section        0  poly.o(i.__kernel_poly)
    i.__mathlib_dbl_infnan                   0x0800311e   Section        0  dunder.o(i.__mathlib_dbl_infnan)
    i.__mathlib_dbl_infnan2                  0x08003124   Section        0  dunder.o(i.__mathlib_dbl_infnan2)
    i.__mathlib_dbl_invalid                  0x08003128   Section        0  dunder.o(i.__mathlib_dbl_invalid)
    i.__mathlib_dbl_underflow                0x08003134   Section        0  dunder.o(i.__mathlib_dbl_underflow)
    i.__scatterload_copy                     0x08003144   Section       14  handlers.o(i.__scatterload_copy)
    i.__scatterload_null                     0x08003152   Section        2  handlers.o(i.__scatterload_null)
    i.__scatterload_zeroinit                 0x08003154   Section       14  handlers.o(i.__scatterload_zeroinit)
    i.__set_errno                            0x08003164   Section        0  errno.o(i.__set_errno)
    i._printf_core                           0x08003170   Section        0  printf8.o(i._printf_core)
    _printf_core                             0x08003171   Thumb Code   996  printf8.o(i._printf_core)
    i._printf_post_padding                   0x08003580   Section        0  printf8.o(i._printf_post_padding)
    _printf_post_padding                     0x08003581   Thumb Code    36  printf8.o(i._printf_post_padding)
    i._printf_pre_padding                    0x080035a4   Section        0  printf8.o(i._printf_pre_padding)
    _printf_pre_padding                      0x080035a5   Thumb Code    46  printf8.o(i._printf_pre_padding)
    i._sputc                                 0x080035d2   Section        0  printf8.o(i._sputc)
    _sputc                                   0x080035d3   Thumb Code    10  printf8.o(i._sputc)
    i.aack                                   0x080035dc   Section        0  uartprotocol.o(i.aack)
    i.accel_self_test                        0x080035e8   Section        0  inv_mpu.o(i.accel_self_test)
    accel_self_test                          0x080035e9   Thumb Code   164  inv_mpu.o(i.accel_self_test)
    i.ackpack                                0x08003690   Section        0  uartprotocol.o(i.ackpack)
    i.asin                                   0x080036b8   Section        0  asin.o(i.asin)
    i.atan                                   0x08003928   Section        0  atan.o(i.atan)
    i.atan2                                  0x08003b48   Section        0  atan2.o(i.atan2)
    i.balance                                0x08003cc8   Section        0  main.o(i.balance)
    i.control                                0x08003d1c   Section        0  main.o(i.control)
    i.decode_gesture                         0x08003db0   Section        0  inv_mpu_dmp_motion_driver.o(i.decode_gesture)
    decode_gesture                           0x08003db1   Thumb Code    94  inv_mpu_dmp_motion_driver.o(i.decode_gesture)
    i.delay_init                             0x08003e14   Section        0  delay.o(i.delay_init)
    i.delay_ms                               0x08003e34   Section        0  delay.o(i.delay_ms)
    i.delay_us                               0x08003e4c   Section        0  delay.o(i.delay_us)
    i.dmp_enable_6x_lp_quat                  0x08003e94   Section        0  inv_mpu_dmp_motion_driver.o(i.dmp_enable_6x_lp_quat)
    i.dmp_enable_feature                     0x08003ed0   Section        0  inv_mpu_dmp_motion_driver.o(i.dmp_enable_feature)
    i.dmp_enable_gyro_cal                    0x080040ec   Section        0  inv_mpu_dmp_motion_driver.o(i.dmp_enable_gyro_cal)
    i.dmp_enable_lp_quat                     0x08004144   Section        0  inv_mpu_dmp_motion_driver.o(i.dmp_enable_lp_quat)
    i.dmp_load_motion_driver_firmware        0x08004180   Section        0  inv_mpu_dmp_motion_driver.o(i.dmp_load_motion_driver_firmware)
    i.dmp_read_fifo                          0x08004198   Section        0  inv_mpu_dmp_motion_driver.o(i.dmp_read_fifo)
    i.dmp_set_accel_bias                     0x08004364   Section        0  inv_mpu_dmp_motion_driver.o(i.dmp_set_accel_bias)
    i.dmp_set_fifo_rate                      0x08004494   Section        0  inv_mpu_dmp_motion_driver.o(i.dmp_set_fifo_rate)
    i.dmp_set_gyro_bias                      0x08004504   Section        0  inv_mpu_dmp_motion_driver.o(i.dmp_set_gyro_bias)
    i.dmp_set_orientation                    0x08004634   Section        0  inv_mpu_dmp_motion_driver.o(i.dmp_set_orientation)
    i.dmp_set_shake_reject_thresh            0x0800476c   Section        0  inv_mpu_dmp_motion_driver.o(i.dmp_set_shake_reject_thresh)
    i.dmp_set_shake_reject_time              0x080047a4   Section        0  inv_mpu_dmp_motion_driver.o(i.dmp_set_shake_reject_time)
    i.dmp_set_shake_reject_timeout           0x080047ca   Section        0  inv_mpu_dmp_motion_driver.o(i.dmp_set_shake_reject_timeout)
    i.dmp_set_tap_axes                       0x080047f0   Section        0  inv_mpu_dmp_motion_driver.o(i.dmp_set_tap_axes)
    i.dmp_set_tap_count                      0x08004836   Section        0  inv_mpu_dmp_motion_driver.o(i.dmp_set_tap_count)
    i.dmp_set_tap_thresh                     0x0800485c   Section        0  inv_mpu_dmp_motion_driver.o(i.dmp_set_tap_thresh)
    i.dmp_set_tap_time                       0x080049fc   Section        0  inv_mpu_dmp_motion_driver.o(i.dmp_set_tap_time)
    i.dmp_set_tap_time_multi                 0x08004a22   Section        0  inv_mpu_dmp_motion_driver.o(i.dmp_set_tap_time_multi)
    i.fputc                                  0x08004a48   Section        0  fputc.o(i.fputc)
    i.free                                   0x08004a5c   Section        0  malloc.o(i.free)
    i.getData                                0x08004aac   Section        0  wifi.o(i.getData)
    getData                                  0x08004aad   Thumb Code   148  wifi.o(i.getData)
    i.get_accel_prod_shift                   0x08004b5c   Section        0  inv_mpu.o(i.get_accel_prod_shift)
    get_accel_prod_shift                     0x08004b5d   Thumb Code   170  inv_mpu.o(i.get_accel_prod_shift)
    i.get_st_biases                          0x08004c18   Section        0  inv_mpu.o(i.get_st_biases)
    get_st_biases                            0x08004c19   Thumb Code  1170  inv_mpu.o(i.get_st_biases)
    i.getbuff                                0x080050b0   Section        0  uartprotocol.o(i.getbuff)
    getbuff                                  0x080050b1   Thumb Code    12  uartprotocol.o(i.getbuff)
    i.getcmd                                 0x080050c4   Section        0  uartprotocol.o(i.getcmd)
    getcmd                                   0x080050c5   Thumb Code     6  uartprotocol.o(i.getcmd)
    i.getlen                                 0x080050d0   Section        0  uartprotocol.o(i.getlen)
    getlen                                   0x080050d1   Thumb Code     6  uartprotocol.o(i.getlen)
    i.getsendbuff                            0x080050dc   Section        0  uartprotocol.o(i.getsendbuff)
    getsendbuff                              0x080050dd   Thumb Code    12  uartprotocol.o(i.getsendbuff)
    i.gyro_self_test                         0x080050f0   Section        0  inv_mpu.o(i.gyro_self_test)
    gyro_self_test                           0x080050f1   Thumb Code   260  inv_mpu.o(i.gyro_self_test)
    i.inv_orientation_matrix_to_scalar       0x08005208   Section        0  inv_mpu.o(i.inv_orientation_matrix_to_scalar)
    i.inv_row_2_scale                        0x08005230   Section        0  inv_mpu.o(i.inv_row_2_scale)
    i.isLink                                 0x08005280   Section        0  uartprotocol.o(i.isLink)
    i.isUse                                  0x08005294   Section        0  timer.o(i.isUse)
    i.main                                   0x080052b0   Section        0  main.o(i.main)
    i.malloc                                 0x080053f8   Section        0  malloc.o(i.malloc)
    i.mget_ms                                0x08005464   Section        0  inv_mpu.o(i.mget_ms)
    i.mpu_configure_fifo                     0x08005468   Section        0  inv_mpu.o(i.mpu_configure_fifo)
    i.mpu_dmp_init                           0x080054d8   Section        0  inv_mpu.o(i.mpu_dmp_init)
    i.mpu_get_accel_fsr                      0x08005578   Section        0  inv_mpu.o(i.mpu_get_accel_fsr)
    i.mpu_get_accel_sens                     0x080055c4   Section        0  inv_mpu.o(i.mpu_get_accel_sens)
    i.mpu_get_fifo_config                    0x08005618   Section        0  inv_mpu.o(i.mpu_get_fifo_config)
    i.mpu_get_gyro_fsr                       0x08005628   Section        0  inv_mpu.o(i.mpu_get_gyro_fsr)
    i.mpu_get_gyro_sens                      0x0800566c   Section        0  inv_mpu.o(i.mpu_get_gyro_sens)
    i.mpu_get_lpf                            0x080056bc   Section        0  inv_mpu.o(i.mpu_get_lpf)
    i.mpu_get_sample_rate                    0x0800570c   Section        0  inv_mpu.o(i.mpu_get_sample_rate)
    i.mpu_init                               0x0800572c   Section        0  inv_mpu.o(i.mpu_init)
    i.mpu_load_firmware                      0x08005928   Section        0  inv_mpu.o(i.mpu_load_firmware)
    i.mpu_lp_accel_mode                      0x080059e8   Section        0  inv_mpu.o(i.mpu_lp_accel_mode)
    i.mpu_read_fifo_stream                   0x08005ad0   Section        0  inv_mpu.o(i.mpu_read_fifo_stream)
    i.mpu_read_mem                           0x08005ba0   Section        0  inv_mpu.o(i.mpu_read_mem)
    i.mpu_reset_fifo                         0x08005c28   Section        0  inv_mpu.o(i.mpu_reset_fifo)
    i.mpu_run_self_test                      0x08005e08   Section        0  inv_mpu.o(i.mpu_run_self_test)
    i.mpu_set_accel_fsr                      0x08005f24   Section        0  inv_mpu.o(i.mpu_set_accel_fsr)
    i.mpu_set_bypass                         0x08005fac   Section        0  inv_mpu.o(i.mpu_set_bypass)
    i.mpu_set_dmp_state                      0x08006108   Section        0  inv_mpu.o(i.mpu_set_dmp_state)
    i.mpu_set_gyro_fsr                       0x080061a0   Section        0  inv_mpu.o(i.mpu_set_gyro_fsr)
    i.mpu_set_int_latched                    0x08006230   Section        0  inv_mpu.o(i.mpu_set_int_latched)
    i.mpu_set_lpf                            0x080062a0   Section        0  inv_mpu.o(i.mpu_set_lpf)
    i.mpu_set_sample_rate                    0x08006328   Section        0  inv_mpu.o(i.mpu_set_sample_rate)
    i.mpu_set_sensors                        0x080063cc   Section        0  inv_mpu.o(i.mpu_set_sensors)
    i.mpu_write_mem                          0x080064a4   Section        0  inv_mpu.o(i.mpu_write_mem)
    i.myabs                                  0x0800652c   Section        0  motor.o(i.myabs)
    i.noack                                  0x0800653c   Section        0  uartprotocol.o(i.noack)
    i.run_self_test                          0x0800654c   Section        0  inv_mpu.o(i.run_self_test)
    i.sendServing                            0x080065e0   Section        0  wifi.o(i.sendServing)
    i.sendackpacket                          0x08006728   Section        0  uartprotocol.o(i.sendackpacket)
    i.setData                                0x0800674c   Section        0  wifi.o(i.setData)
    setData                                  0x0800674d   Thumb Code   212  wifi.o(i.setData)
    i.set_int_enable                         0x0800683c   Section        0  inv_mpu.o(i.set_int_enable)
    set_int_enable                           0x0800683d   Thumb Code   142  inv_mpu.o(i.set_int_enable)
    i.sqrt                                   0x080068d4   Section        0  sqrt.o(i.sqrt)
    i.tick                                   0x08006920   Section        0  main.o(i.tick)
    .constdata                               0x0800695c   Section        8  motor.o(.constdata)
    .constdata                               0x08006964   Section        8  pid.o(.constdata)
    .constdata                               0x0800696c   Section       24  uart.o(.constdata)
    .constdata                               0x08006984   Section      104  uartprotocol.o(.constdata)
    UD                                       0x08006984   Data          68  uartprotocol.o(.constdata)
    .constdata                               0x080069ec   Section       40  timer.o(.constdata)
    .constdata                               0x08006a14   Section       36  iic.o(.constdata)
    .constdata                               0x08006a38   Section       48  mpu6050.o(.constdata)
    .constdata                               0x08006a68   Section     3062  inv_mpu_dmp_motion_driver.o(.constdata)
    dmp_memory                               0x08006a68   Data        3062  inv_mpu_dmp_motion_driver.o(.constdata)
    .constdata                               0x08007660   Section       80  inv_mpu.o(.constdata)
    .constdata                               0x080076b0   Section       56  wifi.o(.constdata)
    .constdata                               0x080076e8   Section       12  encoder.o(.constdata)
    .constdata                               0x080076f8   Section       80  asin.o(.constdata)
    pS                                       0x080076f8   Data          48  asin.o(.constdata)
    qS                                       0x08007728   Data          32  asin.o(.constdata)
    .constdata                               0x08007748   Section      152  atan.o(.constdata)
    atanhi                                   0x08007748   Data          32  atan.o(.constdata)
    atanlo                                   0x08007768   Data          32  atan.o(.constdata)
    aTodd                                    0x08007788   Data          40  atan.o(.constdata)
    aTeven                                   0x080077b0   Data          48  atan.o(.constdata)
    .constdata                               0x080077e0   Section        8  qnan.o(.constdata)
    .constdata                               0x080077e8   Section      129  ctype_o.o(.constdata)
    .constdata                               0x0800786c   Section        4  ctype_o.o(.constdata)
    table                                    0x0800786c   Data           4  ctype_o.o(.constdata)
    .conststring                             0x08007870   Section       77  inv_mpu.o(.conststring)
    .data                                    0x20000000   Section       64  main.o(.data)
    Velocity                                 0x2000002c   Data           4  main.o(.data)
    Encoder_Least                            0x20000030   Data           4  main.o(.data)
    Encoder                                  0x20000034   Data           4  main.o(.data)
    Movement                                 0x20000038   Data           4  main.o(.data)
    Encoder_Integral                         0x2000003c   Data           4  main.o(.data)
    .data                                    0x20000040   Section       17  wave.o(.data)
    ch                                       0x20000050   Data           1  wave.o(.data)
    .data                                    0x20000052   Section        4  delay.o(.data)
    fac_us                                   0x20000052   Data           1  delay.o(.data)
    fac_ms                                   0x20000054   Data           2  delay.o(.data)
    .data                                    0x20000058   Section        8  uart.o(.data)
    f                                        0x2000005c   Data           4  uart.o(.data)
    .data                                    0x20000060   Section       30  uartprotocol.o(.data)
    count                                    0x2000007c   Data           2  uartprotocol.o(.data)
    .data                                    0x20000080   Section       13  timer.o(.data)
    BIT                                      0x2000008c   Data           1  timer.o(.data)
    .data                                    0x20000090   Section       53  inv_mpu.o(.data)
    st                                       0x20000090   Data          44  inv_mpu.o(.data)
    gyro_orientation                         0x200000bc   Data           9  inv_mpu.o(.data)
    .data                                    0x200000c6   Section       42  wifi.o(.data)
    .data                                    0x200000f0   Section       84  filter.o(.data)
    .data                                    0x20000144   Section        4  stdout.o(.data)
    .data                                    0x20000148   Section        4  mvars.o(.data)
    .data                                    0x2000014c   Section        4  mvars.o(.data)
    .data                                    0x20000150   Section        4  errno.o(.data)
    _errno                                   0x20000150   Data           4  errno.o(.data)
    .bss                                     0x20000154   Section       56  main.o(.bss)
    .bss                                     0x2000018c   Section      192  uartprotocol.o(.bss)
    .bss                                     0x2000024c   Section       96  timer.o(.bss)
    .bss                                     0x200002ac   Section       16  inv_mpu_dmp_motion_driver.o(.bss)
    dmp                                      0x200002ac   Data          16  inv_mpu_dmp_motion_driver.o(.bss)
    .bss                                     0x200002bc   Section      448  wifi.o(.bss)
    .bss                                     0x2000047c   Section       16  filter.o(.bss)
    HEAP                                     0x20000490   Section      256  startup_stm32f10x_md.o(HEAP)
    STACK                                    0x20000590   Section     2048  startup_stm32f10x_md.o(STACK)

    Global Symbols

    Symbol Name                              Value     Ov Type        Size  Object(Section)

    BuildAttributes$$THM_ISAv4$P$D$K$B$S$PE$A:L22UL41UL21$X:L11$S22US41US21$IEEE1$IW$USESV6$~STKCKD$USESV7$~SHL$OTIME$ROPI$IEEEX$EBA8$MICROLIB$REQ8$EABIv2 0x00000000   Number         0  anon$$obj.o ABSOLUTE
    __ARM_use_no_argv                        0x00000000   Number         0  main.o ABSOLUTE
    _printf_a                                0x00000000   Number         0  stubs.o ABSOLUTE
    _printf_c                                0x00000000   Number         0  stubs.o ABSOLUTE
    _printf_charcount                        0x00000000   Number         0  stubs.o ABSOLUTE
    _printf_d                                0x00000000   Number         0  stubs.o ABSOLUTE
    _printf_e                                0x00000000   Number         0  stubs.o ABSOLUTE
    _printf_f                                0x00000000   Number         0  stubs.o ABSOLUTE
    _printf_flags                            0x00000000   Number         0  stubs.o ABSOLUTE
    _printf_fp_dec                           0x00000000   Number         0  stubs.o ABSOLUTE
    _printf_fp_hex                           0x00000000   Number         0  stubs.o ABSOLUTE
    _printf_g                                0x00000000   Number         0  stubs.o ABSOLUTE
    _printf_i                                0x00000000   Number         0  stubs.o ABSOLUTE
    _printf_int_dec                          0x00000000   Number         0  stubs.o ABSOLUTE
    _printf_l                                0x00000000   Number         0  stubs.o ABSOLUTE
    _printf_lc                               0x00000000   Number         0  stubs.o ABSOLUTE
    _printf_ll                               0x00000000   Number         0  stubs.o ABSOLUTE
    _printf_lld                              0x00000000   Number         0  stubs.o ABSOLUTE
    _printf_lli                              0x00000000   Number         0  stubs.o ABSOLUTE
    _printf_llo                              0x00000000   Number         0  stubs.o ABSOLUTE
    _printf_llu                              0x00000000   Number         0  stubs.o ABSOLUTE
    _printf_llx                              0x00000000   Number         0  stubs.o ABSOLUTE
    _printf_longlong_dec                     0x00000000   Number         0  stubs.o ABSOLUTE
    _printf_longlong_hex                     0x00000000   Number         0  stubs.o ABSOLUTE
    _printf_longlong_oct                     0x00000000   Number         0  stubs.o ABSOLUTE
    _printf_ls                               0x00000000   Number         0  stubs.o ABSOLUTE
    _printf_mbtowc                           0x00000000   Number         0  stubs.o ABSOLUTE
    _printf_n                                0x00000000   Number         0  stubs.o ABSOLUTE
    _printf_o                                0x00000000   Number         0  stubs.o ABSOLUTE
    _printf_p                                0x00000000   Number         0  stubs.o ABSOLUTE
    _printf_percent                          0x00000000   Number         0  stubs.o ABSOLUTE
    _printf_pre_padding                      0x00000000   Number         0  stubs.o ABSOLUTE
    _printf_return_value                     0x00000000   Number         0  stubs.o ABSOLUTE
    _printf_s                                0x00000000   Number         0  stubs.o ABSOLUTE
    _printf_sizespec                         0x00000000   Number         0  stubs.o ABSOLUTE
    _printf_str                              0x00000000   Number         0  stubs.o ABSOLUTE
    _printf_truncate_signed                  0x00000000   Number         0  stubs.o ABSOLUTE
    _printf_truncate_unsigned                0x00000000   Number         0  stubs.o ABSOLUTE
    _printf_u                                0x00000000   Number         0  stubs.o ABSOLUTE
    _printf_wc                               0x00000000   Number         0  stubs.o ABSOLUTE
    _printf_wctomb                           0x00000000   Number         0  stubs.o ABSOLUTE
    _printf_widthprec                        0x00000000   Number         0  stubs.o ABSOLUTE
    _printf_x                                0x00000000   Number         0  stubs.o ABSOLUTE
    __cpp_initialize__aeabi_                  - Undefined Weak Reference
    __cxa_finalize                            - Undefined Weak Reference
    _clock_init                               - Undefined Weak Reference
    _microlib_exit                            - Undefined Weak Reference
    __Vectors_Size                           0x000000ec   Number         0  startup_stm32f10x_md.o ABSOLUTE
    __Vectors                                0x08000000   Data           4  startup_stm32f10x_md.o(RESET)
    __Vectors_End                            0x080000ec   Data           0  startup_stm32f10x_md.o(RESET)
    __main                                   0x080000ed   Thumb Code     0  entry.o(.ARM.Collect$$$$00000000)
    _main_stk                                0x080000ed   Thumb Code     0  entry2.o(.ARM.Collect$$$$00000001)
    _main_scatterload                        0x080000f1   Thumb Code     0  entry5.o(.ARM.Collect$$$$00000004)
    __main_after_scatterload                 0x080000f5   Thumb Code     0  entry5.o(.ARM.Collect$$$$00000004)
    _main_clock                              0x080000f5   Thumb Code     0  entry7b.o(.ARM.Collect$$$$00000008)
    _main_cpp_init                           0x080000f5   Thumb Code     0  entry8b.o(.ARM.Collect$$$$0000000A)
    _main_init                               0x080000f5   Thumb Code     0  entry9a.o(.ARM.Collect$$$$0000000B)
    __rt_final_cpp                           0x080000fd   Thumb Code     0  entry10a.o(.ARM.Collect$$$$0000000D)
    __rt_final_exit                          0x080000fd   Thumb Code     0  entry11a.o(.ARM.Collect$$$$0000000F)
    GetSP                                    0x08000101   Thumb Code     4  timer.o(.emb_text)
    GetBreakAddr                             0x08000105   Thumb Code    28  timer.o(.emb_text)
    Reset_Handler                            0x08000125   Thumb Code     4  startup_stm32f10x_md.o(.text)
    NMI_Handler                              0x08000129   Thumb Code     2  startup_stm32f10x_md.o(.text)
    HardFault_Handler                        0x0800012b   Thumb Code     2  startup_stm32f10x_md.o(.text)
    MemManage_Handler                        0x0800012d   Thumb Code     2  startup_stm32f10x_md.o(.text)
    BusFault_Handler                         0x0800012f   Thumb Code     2  startup_stm32f10x_md.o(.text)
    UsageFault_Handler                       0x08000131   Thumb Code     2  startup_stm32f10x_md.o(.text)
    SVC_Handler                              0x08000133   Thumb Code     2  startup_stm32f10x_md.o(.text)
    DebugMon_Handler                         0x08000135   Thumb Code     2  startup_stm32f10x_md.o(.text)
    PendSV_Handler                           0x08000137   Thumb Code     2  startup_stm32f10x_md.o(.text)
    ADC1_2_IRQHandler                        0x0800013b   Thumb Code     0  startup_stm32f10x_md.o(.text)
    CAN1_RX1_IRQHandler                      0x0800013b   Thumb Code     0  startup_stm32f10x_md.o(.text)
    CAN1_SCE_IRQHandler                      0x0800013b   Thumb Code     0  startup_stm32f10x_md.o(.text)
    DMA1_Channel1_IRQHandler                 0x0800013b   Thumb Code     0  startup_stm32f10x_md.o(.text)
    DMA1_Channel2_IRQHandler                 0x0800013b   Thumb Code     0  startup_stm32f10x_md.o(.text)
    DMA1_Channel3_IRQHandler                 0x0800013b   Thumb Code     0  startup_stm32f10x_md.o(.text)
    DMA1_Channel4_IRQHandler                 0x0800013b   Thumb Code     0  startup_stm32f10x_md.o(.text)
    DMA1_Channel5_IRQHandler                 0x0800013b   Thumb Code     0  startup_stm32f10x_md.o(.text)
    DMA1_Channel6_IRQHandler                 0x0800013b   Thumb Code     0  startup_stm32f10x_md.o(.text)
    DMA1_Channel7_IRQHandler                 0x0800013b   Thumb Code     0  startup_stm32f10x_md.o(.text)
    EXTI0_IRQHandler                         0x0800013b   Thumb Code     0  startup_stm32f10x_md.o(.text)
    EXTI15_10_IRQHandler                     0x0800013b   Thumb Code     0  startup_stm32f10x_md.o(.text)
    EXTI1_IRQHandler                         0x0800013b   Thumb Code     0  startup_stm32f10x_md.o(.text)
    EXTI2_IRQHandler                         0x0800013b   Thumb Code     0  startup_stm32f10x_md.o(.text)
    EXTI3_IRQHandler                         0x0800013b   Thumb Code     0  startup_stm32f10x_md.o(.text)
    EXTI4_IRQHandler                         0x0800013b   Thumb Code     0  startup_stm32f10x_md.o(.text)
    EXTI9_5_IRQHandler                       0x0800013b   Thumb Code     0  startup_stm32f10x_md.o(.text)
    FLASH_IRQHandler                         0x0800013b   Thumb Code     0  startup_stm32f10x_md.o(.text)
    I2C1_ER_IRQHandler                       0x0800013b   Thumb Code     0  startup_stm32f10x_md.o(.text)
    I2C1_EV_IRQHandler                       0x0800013b   Thumb Code     0  startup_stm32f10x_md.o(.text)
    I2C2_ER_IRQHandler                       0x0800013b   Thumb Code     0  startup_stm32f10x_md.o(.text)
    I2C2_EV_IRQHandler                       0x0800013b   Thumb Code     0  startup_stm32f10x_md.o(.text)
    PVD_IRQHandler                           0x0800013b   Thumb Code     0  startup_stm32f10x_md.o(.text)
    RCC_IRQHandler                           0x0800013b   Thumb Code     0  startup_stm32f10x_md.o(.text)
    RTCAlarm_IRQHandler                      0x0800013b   Thumb Code     0  startup_stm32f10x_md.o(.text)
    RTC_IRQHandler                           0x0800013b   Thumb Code     0  startup_stm32f10x_md.o(.text)
    SPI1_IRQHandler                          0x0800013b   Thumb Code     0  startup_stm32f10x_md.o(.text)
    SPI2_IRQHandler                          0x0800013b   Thumb Code     0  startup_stm32f10x_md.o(.text)
    TAMPER_IRQHandler                        0x0800013b   Thumb Code     0  startup_stm32f10x_md.o(.text)
    TIM1_BRK_IRQHandler                      0x0800013b   Thumb Code     0  startup_stm32f10x_md.o(.text)
    TIM1_CC_IRQHandler                       0x0800013b   Thumb Code     0  startup_stm32f10x_md.o(.text)
    TIM1_TRG_COM_IRQHandler                  0x0800013b   Thumb Code     0  startup_stm32f10x_md.o(.text)
    TIM1_UP_IRQHandler                       0x0800013b   Thumb Code     0  startup_stm32f10x_md.o(.text)
    TIM2_IRQHandler                          0x0800013b   Thumb Code     0  startup_stm32f10x_md.o(.text)
    TIM4_IRQHandler                          0x0800013b   Thumb Code     0  startup_stm32f10x_md.o(.text)
    USART2_IRQHandler                        0x0800013b   Thumb Code     0  startup_stm32f10x_md.o(.text)
    USART3_IRQHandler                        0x0800013b   Thumb Code     0  startup_stm32f10x_md.o(.text)
    USBWakeUp_IRQHandler                     0x0800013b   Thumb Code     0  startup_stm32f10x_md.o(.text)
    USB_HP_CAN1_TX_IRQHandler                0x0800013b   Thumb Code     0  startup_stm32f10x_md.o(.text)
    USB_LP_CAN1_RX0_IRQHandler               0x0800013b   Thumb Code     0  startup_stm32f10x_md.o(.text)
    WWDG_IRQHandler                          0x0800013b   Thumb Code     0  startup_stm32f10x_md.o(.text)
    __aeabi_ldivmod                          0x08000141   Thumb Code    98  ldiv.o(.text)
    __aeabi_memset                           0x080001a3   Thumb Code    14  memseta.o(.text)
    __aeabi_memset4                          0x080001a3   Thumb Code     0  memseta.o(.text)
    __aeabi_memset8                          0x080001a3   Thumb Code     0  memseta.o(.text)
    __aeabi_memclr                           0x080001b1   Thumb Code     4  memseta.o(.text)
    __aeabi_memclr4                          0x080001b1   Thumb Code     0  memseta.o(.text)
    __aeabi_memclr8                          0x080001b1   Thumb Code     0  memseta.o(.text)
    _memset$wrapper                          0x080001b5   Thumb Code    18  memseta.o(.text)
    strcat                                   0x080001c7   Thumb Code    24  strcat.o(.text)
    strstr                                   0x080001df   Thumb Code    36  strstr.o(.text)
    memcmp                                   0x08000203   Thumb Code    26  memcmp.o(.text)
    atoi                                     0x0800021d   Thumb Code    26  atoi.o(.text)
    __aeabi_fadd                             0x08000237   Thumb Code   164  fadd.o(.text)
    __aeabi_fsub                             0x080002db   Thumb Code     6  fadd.o(.text)
    __aeabi_frsub                            0x080002e1   Thumb Code     6  fadd.o(.text)
    __aeabi_fmul                             0x080002e7   Thumb Code   100  fmul.o(.text)
    __aeabi_fdiv                             0x0800034b   Thumb Code   124  fdiv.o(.text)
    __aeabi_dadd                             0x080003c7   Thumb Code   322  dadd.o(.text)
    __aeabi_dsub                             0x08000509   Thumb Code     6  dadd.o(.text)
    __aeabi_drsub                            0x0800050f   Thumb Code     6  dadd.o(.text)
    __aeabi_dmul                             0x08000515   Thumb Code   228  dmul.o(.text)
    __aeabi_ddiv                             0x080005f9   Thumb Code   222  ddiv.o(.text)
    __aeabi_i2f                              0x080006d7   Thumb Code    18  fflti.o(.text)
    __aeabi_ui2f                             0x080006e9   Thumb Code    10  ffltui.o(.text)
    __aeabi_i2d                              0x080006f3   Thumb Code    34  dflti.o(.text)
    __aeabi_f2iz                             0x08000715   Thumb Code    50  ffixi.o(.text)
    __aeabi_f2uiz                            0x08000747   Thumb Code    40  ffixui.o(.text)
    __aeabi_f2d                              0x0800076f   Thumb Code    38  f2d.o(.text)
    __aeabi_d2f                              0x08000795   Thumb Code    56  d2f.o(.text)
    __aeabi_cfcmpeq                          0x080007cd   Thumb Code     0  cfcmple.o(.text)
    __aeabi_cfcmple                          0x080007cd   Thumb Code    20  cfcmple.o(.text)
    __aeabi_cfrcmple                         0x080007e1   Thumb Code    20  cfrcmple.o(.text)
    __aeabi_uldivmod                         0x080007f5   Thumb Code    98  uldiv.o(.text)
    __aeabi_llsl                             0x08000857   Thumb Code    30  llshl.o(.text)
    _ll_shift_l                              0x08000857   Thumb Code     0  llshl.o(.text)
    __aeabi_llsr                             0x08000875   Thumb Code    32  llushr.o(.text)
    _ll_ushift_r                             0x08000875   Thumb Code     0  llushr.o(.text)
    __aeabi_lasr                             0x08000895   Thumb Code    36  llsshr.o(.text)
    _ll_sshift_r                             0x08000895   Thumb Code     0  llsshr.o(.text)
    strtol                                   0x080008b9   Thumb Code   112  strtol.o(.text)
    __I$use$fp                               0x08000929   Thumb Code     0  iusefp.o(.text)
    _float_round                             0x08000929   Thumb Code    18  fepilogue.o(.text)
    _float_epilogue                          0x0800093b   Thumb Code    92  fepilogue.o(.text)
    _double_round                            0x08000997   Thumb Code    30  depilogue.o(.text)
    _double_epilogue                         0x080009b5   Thumb Code   156  depilogue.o(.text)
    __ARM_scalbn                             0x08000a51   Thumb Code    46  dscalb.o(.text)
    scalbn                                   0x08000a51   Thumb Code     0  dscalb.o(.text)
    __scatterload                            0x08000a81   Thumb Code    28  init.o(.text)
    __scatterload_rt2                        0x08000a81   Thumb Code     0  init.o(.text)
    __rt_ctype_table                         0x08000aa5   Thumb Code     4  ctype_o.o(.text)
    __semihosting_library_function           0x08000aa5   Thumb Code     0  semi.o(.text)
    _strtoul                                 0x08000aad   Thumb Code   158  _strtoul.o(.text)
    __I$use$semihosting$fputc                0x08000b4b   Thumb Code     0  iusesemip.o(.text)
    _dsqrt                                   0x08000b4b   Thumb Code   162  dsqrt.o(.text)
    _chval                                   0x08000bed   Thumb Code    28  _chval.o(.text)
    __decompress                             0x08000c09   Thumb Code     0  __dczerorl.o(.text)
    __decompress0                            0x08000c09   Thumb Code    58  __dczerorl.o(.text)
    AddDelay                                 0x08000c95   Thumb Code    36  timer.o(i.AddDelay)
    AliveEvent                               0x08000cc1   Thumb Code   372  wifi.o(i.AliveEvent)
    CallFun                                  0x08000e4d   Thumb Code     8  timer.o(i.CallFun)
    DeErrEvent                               0x08000f49   Thumb Code   342  wifi.o(i.DeErrEvent)
    Delay                                    0x080010b5   Thumb Code    58  timer.o(i.Delay)
    GetDataEvent                             0x080010f9   Thumb Code    72  main.o(i.GetDataEvent)
    GetMPU                                   0x080011a5   Thumb Code   432  main.o(i.GetMPU)
    GetMPUTick                               0x08001379   Thumb Code    10  main.o(i.GetMPUTick)
    InitTimer                                0x080016dd   Thumb Code    44  timer.o(i.InitTimer)
    JTAG_Set                                 0x08001709   Thumb Code    38  sys.o(i.JTAG_Set)
    Kalman_Filter                            0x08001739   Thumb Code   558  filter.o(i.Kalman_Filter)
    KillThisTimer                            0x080019b1   Thumb Code    34  timer.o(i.KillThisTimer)
    KillTimer                                0x080019dd   Thumb Code    32  timer.o(i.KillTimer)
    MYRCC_DeInit                             0x08001a0d   Thumb Code    90  sys.o(i.MYRCC_DeInit)
    MY_NVIC_SetVectorTable                   0x08001a75   Thumb Code    12  sys.o(i.MY_NVIC_SetVectorTable)
    OnRecvData                               0x08001ad9   Thumb Code   320  uartprotocol.o(i.OnRecvData)
    ReadDMP                                  0x08001d29   Thumb Code   220  main.o(i.ReadDMP)
    RegisterCmdEvent                         0x0800206d   Thumb Code     8  uartprotocol.o(i.RegisterCmdEvent)
    SendCmdPack                              0x080020c5   Thumb Code    62  uartprotocol.o(i.SendCmdPack)
    SendMeIPEvent                            0x08002109   Thumb Code    84  wifi.o(i.SendMeIPEvent)
    SendPack                                 0x08002179   Thumb Code    94  uartprotocol.o(i.SendPack)
    SetDataEvent                             0x08002245   Thumb Code   172  main.o(i.SetDataEvent)
    SetDelay                                 0x0800230d   Thumb Code    16  timer.o(i.SetDelay)
    SetSpeed                                 0x08002325   Thumb Code   142  motor.o(i.SetSpeed)
    SetTimer                                 0x080023bd   Thumb Code    86  timer.o(i.SetTimer)
    Stm32_Clock_Init                         0x08002535   Thumb Code   134  sys.o(i.Stm32_Clock_Init)
    SysTick_Handler                          0x08002611   Thumb Code    62  timer.o(i.SysTick_Handler)
    TIM3_IRQHandler                          0x080026d5   Thumb Code   352  wave.o(i.TIM3_IRQHandler)
    TimerRun                                 0x080028dd   Thumb Code   190  timer.o(i.TimerRun)
    UART_Init                                0x080029b1   Thumb Code   160  uart.o(i.UART_Init)
    UART_OnRecv                              0x08002a71   Thumb Code     6  uart.o(i.UART_OnRecv)
    UART_ReSetBps                            0x08002a7d   Thumb Code    86  uart.o(i.UART_ReSetBps)
    UART_SendBuff                            0x08002add   Thumb Code    34  uart.o(i.UART_SendBuff)
    UART_SendByte                            0x08002b01   Thumb Code    22  uart.o(i.UART_SendByte)
    UART_SendString                          0x08002b1d   Thumb Code    30  uart.o(i.UART_SendString)
    USART1_IRQHandler                        0x08002b3d   Thumb Code    24  uart.o(i.USART1_IRQHandler)
    UartCmd                                  0x08002b5d   Thumb Code   136  uartprotocol.o(i.UartCmd)
    UnRegisterCmdEvent                       0x08002c09   Thumb Code    38  uartprotocol.o(i.UnRegisterCmdEvent)
    Yijielvbo                                0x08002f4d   Thumb Code   132  filter.o(i.Yijielvbo)
    ZeroDelay                                0x08002fe1   Thumb Code    20  timer.o(i.ZeroDelay)
    __0printf$8                              0x08002ffd   Thumb Code    22  printf8.o(i.__0printf$8)
    __1printf$8                              0x08002ffd   Thumb Code     0  printf8.o(i.__0printf$8)
    __2printf                                0x08002ffd   Thumb Code     0  printf8.o(i.__0printf$8)
    __0sprintf$8                             0x0800301d   Thumb Code    34  printf8.o(i.__0sprintf$8)
    __1sprintf$8                             0x0800301d   Thumb Code     0  printf8.o(i.__0sprintf$8)
    __2sprintf                               0x0800301d   Thumb Code     0  printf8.o(i.__0sprintf$8)
    __ARM_fpclassify                         0x08003045   Thumb Code    40  fpclassify.o(i.__ARM_fpclassify)
    __aeabi_errno_addr                       0x0800306d   Thumb Code     4  errno.o(i.__aeabi_errno_addr)
    __rt_errno_addr                          0x0800306d   Thumb Code     0  errno.o(i.__aeabi_errno_addr)
    __kernel_poly                            0x08003075   Thumb Code   170  poly.o(i.__kernel_poly)
    __mathlib_dbl_infnan                     0x0800311f   Thumb Code     6  dunder.o(i.__mathlib_dbl_infnan)
    __mathlib_dbl_infnan2                    0x08003125   Thumb Code     4  dunder.o(i.__mathlib_dbl_infnan2)
    __mathlib_dbl_invalid                    0x08003129   Thumb Code    12  dunder.o(i.__mathlib_dbl_invalid)
    __mathlib_dbl_underflow                  0x08003135   Thumb Code    10  dunder.o(i.__mathlib_dbl_underflow)
    __scatterload_copy                       0x08003145   Thumb Code    14  handlers.o(i.__scatterload_copy)
    __scatterload_null                       0x08003153   Thumb Code     2  handlers.o(i.__scatterload_null)
    __scatterload_zeroinit                   0x08003155   Thumb Code    14  handlers.o(i.__scatterload_zeroinit)
    __set_errno                              0x08003165   Thumb Code     6  errno.o(i.__set_errno)
    aack                                     0x080035dd   Thumb Code     6  uartprotocol.o(i.aack)
    ackpack                                  0x08003691   Thumb Code    30  uartprotocol.o(i.ackpack)
    asin                                     0x080036b9   Thumb Code   572  asin.o(i.asin)
    atan                                     0x08003929   Thumb Code   474  atan.o(i.atan)
    atan2                                    0x08003b49   Thumb Code   346  atan2.o(i.atan2)
    balance                                  0x08003cc9   Thumb Code    74  main.o(i.balance)
    control                                  0x08003d1d   Thumb Code   110  main.o(i.control)
    delay_init                               0x08003e15   Thumb Code    24  delay.o(i.delay_init)
    delay_ms                                 0x08003e35   Thumb Code    24  delay.o(i.delay_ms)
    delay_us                                 0x08003e4d   Thumb Code    68  delay.o(i.delay_us)
    dmp_enable_6x_lp_quat                    0x08003e95   Thumb Code    60  inv_mpu_dmp_motion_driver.o(i.dmp_enable_6x_lp_quat)
    dmp_enable_feature                       0x08003ed1   Thumb Code   530  inv_mpu_dmp_motion_driver.o(i.dmp_enable_feature)
    dmp_enable_gyro_cal                      0x080040ed   Thumb Code    62  inv_mpu_dmp_motion_driver.o(i.dmp_enable_gyro_cal)
    dmp_enable_lp_quat                       0x08004145   Thumb Code    60  inv_mpu_dmp_motion_driver.o(i.dmp_enable_lp_quat)
    dmp_load_motion_driver_firmware          0x08004181   Thumb Code    20  inv_mpu_dmp_motion_driver.o(i.dmp_load_motion_driver_firmware)
    dmp_read_fifo                            0x08004199   Thumb Code   456  inv_mpu_dmp_motion_driver.o(i.dmp_read_fifo)
    dmp_set_accel_bias                       0x08004365   Thumb Code   300  inv_mpu_dmp_motion_driver.o(i.dmp_set_accel_bias)
    dmp_set_fifo_rate                        0x08004495   Thumb Code    96  inv_mpu_dmp_motion_driver.o(i.dmp_set_fifo_rate)
    dmp_set_gyro_bias                        0x08004505   Thumb Code   294  inv_mpu_dmp_motion_driver.o(i.dmp_set_gyro_bias)
    dmp_set_orientation                      0x08004635   Thumb Code   290  inv_mpu_dmp_motion_driver.o(i.dmp_set_orientation)
    dmp_set_shake_reject_thresh              0x0800476d   Thumb Code    56  inv_mpu_dmp_motion_driver.o(i.dmp_set_shake_reject_thresh)
    dmp_set_shake_reject_time                0x080047a5   Thumb Code    38  inv_mpu_dmp_motion_driver.o(i.dmp_set_shake_reject_time)
    dmp_set_shake_reject_timeout             0x080047cb   Thumb Code    38  inv_mpu_dmp_motion_driver.o(i.dmp_set_shake_reject_timeout)
    dmp_set_tap_axes                         0x080047f1   Thumb Code    70  inv_mpu_dmp_motion_driver.o(i.dmp_set_tap_axes)
    dmp_set_tap_count                        0x08004837   Thumb Code    38  inv_mpu_dmp_motion_driver.o(i.dmp_set_tap_count)
    dmp_set_tap_thresh                       0x0800485d   Thumb Code   396  inv_mpu_dmp_motion_driver.o(i.dmp_set_tap_thresh)
    dmp_set_tap_time                         0x080049fd   Thumb Code    38  inv_mpu_dmp_motion_driver.o(i.dmp_set_tap_time)
    dmp_set_tap_time_multi                   0x08004a23   Thumb Code    38  inv_mpu_dmp_motion_driver.o(i.dmp_set_tap_time_multi)
    fputc                                    0x08004a49   Thumb Code    18  fputc.o(i.fputc)
    free                                     0x08004a5d   Thumb Code    76  malloc.o(i.free)
    inv_orientation_matrix_to_scalar         0x08005209   Thumb Code    40  inv_mpu.o(i.inv_orientation_matrix_to_scalar)
    inv_row_2_scale                          0x08005231   Thumb Code    78  inv_mpu.o(i.inv_row_2_scale)
    isLink                                   0x08005281   Thumb Code    14  uartprotocol.o(i.isLink)
    isUse                                    0x08005295   Thumb Code    22  timer.o(i.isUse)
    main                                     0x080052b1   Thumb Code   252  main.o(i.main)
    malloc                                   0x080053f9   Thumb Code    92  malloc.o(i.malloc)
    mget_ms                                  0x08005465   Thumb Code     2  inv_mpu.o(i.mget_ms)
    mpu_configure_fifo                       0x08005469   Thumb Code   106  inv_mpu.o(i.mpu_configure_fifo)
    mpu_dmp_init                             0x080054d9   Thumb Code   152  inv_mpu.o(i.mpu_dmp_init)
    mpu_get_accel_fsr                        0x08005579   Thumb Code    72  inv_mpu.o(i.mpu_get_accel_fsr)
    mpu_get_accel_sens                       0x080055c5   Thumb Code    78  inv_mpu.o(i.mpu_get_accel_sens)
    mpu_get_fifo_config                      0x08005619   Thumb Code    12  inv_mpu.o(i.mpu_get_fifo_config)
    mpu_get_gyro_fsr                         0x08005629   Thumb Code    64  inv_mpu.o(i.mpu_get_gyro_fsr)
    mpu_get_gyro_sens                        0x0800566d   Thumb Code    58  inv_mpu.o(i.mpu_get_gyro_sens)
    mpu_get_lpf                              0x080056bd   Thumb Code    74  inv_mpu.o(i.mpu_get_lpf)
    mpu_get_sample_rate                      0x0800570d   Thumb Code    26  inv_mpu.o(i.mpu_get_sample_rate)
    mpu_init                                 0x0800572d   Thumb Code   424  inv_mpu.o(i.mpu_init)
    mpu_load_firmware                        0x08005929   Thumb Code   184  inv_mpu.o(i.mpu_load_firmware)
    mpu_lp_accel_mode                        0x080059e9   Thumb Code   222  inv_mpu.o(i.mpu_lp_accel_mode)
    mpu_read_fifo_stream                     0x08005ad1   Thumb Code   198  inv_mpu.o(i.mpu_read_fifo_stream)
    mpu_read_mem                             0x08005ba1   Thumb Code   126  inv_mpu.o(i.mpu_read_mem)
    mpu_reset_fifo                           0x08005c29   Thumb Code   472  inv_mpu.o(i.mpu_reset_fifo)
    mpu_run_self_test                        0x08005e09   Thumb Code   278  inv_mpu.o(i.mpu_run_self_test)
    mpu_set_accel_fsr                        0x08005f25   Thumb Code   128  inv_mpu.o(i.mpu_set_accel_fsr)
    mpu_set_bypass                           0x08005fad   Thumb Code   340  inv_mpu.o(i.mpu_set_bypass)
    mpu_set_dmp_state                        0x08006109   Thumb Code   142  inv_mpu.o(i.mpu_set_dmp_state)
    mpu_set_gyro_fsr                         0x080061a1   Thumb Code   134  inv_mpu.o(i.mpu_set_gyro_fsr)
    mpu_set_int_latched                      0x08006231   Thumb Code   104  inv_mpu.o(i.mpu_set_int_latched)
    mpu_set_lpf                              0x080062a1   Thumb Code   128  inv_mpu.o(i.mpu_set_lpf)
    mpu_set_sample_rate                      0x08006329   Thumb Code   154  inv_mpu.o(i.mpu_set_sample_rate)
    mpu_set_sensors                          0x080063cd   Thumb Code   206  inv_mpu.o(i.mpu_set_sensors)
    mpu_write_mem                            0x080064a5   Thumb Code   126  inv_mpu.o(i.mpu_write_mem)
    myabs                                    0x0800652d   Thumb Code    14  motor.o(i.myabs)
    noack                                    0x0800653d   Thumb Code    12  uartprotocol.o(i.noack)
    run_self_test                            0x0800654d   Thumb Code   148  inv_mpu.o(i.run_self_test)
    sendServing                              0x080065e1   Thumb Code   270  wifi.o(i.sendServing)
    sendackpacket                            0x08006729   Thumb Code    28  uartprotocol.o(i.sendackpacket)
    sqrt                                     0x080068d5   Thumb Code    76  sqrt.o(i.sqrt)
    tick                                     0x08006921   Thumb Code    46  main.o(i.tick)
    Motor                                    0x0800695c   Data           8  motor.o(.constdata)
    PID                                      0x08006964   Data           8  pid.o(.constdata)
    UART                                     0x0800696c   Data          24  uart.o(.constdata)
    UartProtocol                             0x080069c8   Data          36  uartprotocol.o(.constdata)
    Timer                                    0x080069ec   Data          40  timer.o(.constdata)
    IIC                                      0x08006a14   Data          36  iic.o(.constdata)
    MPU                                      0x08006a38   Data          48  mpu6050.o(.constdata)
    reg                                      0x08007660   Data          27  inv_mpu.o(.constdata)
    hw                                       0x0800767c   Data          12  inv_mpu.o(.constdata)
    test                                     0x08007688   Data          40  inv_mpu.o(.constdata)
    wifi                                     0x080076b0   Data          56  wifi.o(.constdata)
    Encoder                                  0x080076e8   Data          12  encoder.o(.constdata)
    __mathlib_zero                           0x080077e0   Data           8  qnan.o(.constdata)
    __ctype_table                            0x080077e8   Data         129  ctype_o.o(.constdata)
    Region$$Table$$Base                      0x080078c0   Number         0  anon$$obj.o(Region$$Table)
    Region$$Table$$Limit                     0x080078e0   Number         0  anon$$obj.o(Region$$Table)
    Angle_Y                                  0x20000000   Data           4  main.o(.data)
    Gyro_Y                                   0x20000004   Data           4  main.o(.data)
    Gyro_Turn                                0x20000008   Data           4  main.o(.data)
    Acc_Z                                    0x2000000c   Data           4  main.o(.data)
    LNow                                     0x20000010   Data           2  main.o(.data)
    RNow                                     0x20000012   Data           2  main.o(.data)
    LTarget                                  0x20000014   Data           2  main.o(.data)
    RTarget                                  0x20000016   Data           2  main.o(.data)
    KP                                       0x20000018   Data           4  main.o(.data)
    EI                                       0x2000001c   Data           4  main.o(.data)
    KD                                       0x20000020   Data           4  main.o(.data)
    EP                                       0x20000024   Data           4  main.o(.data)
    Stand                                    0x20000028   Data           1  main.o(.data)
    butbit                                   0x20000029   Data           1  main.o(.data)
    len1                                     0x20000040   Data           4  wave.o(.data)
    len2                                     0x20000044   Data           4  wave.o(.data)
    TIM3CH3_CAPTURE_STA                      0x20000048   Data           1  wave.o(.data)
    TIM3CH3_CAPTURE_VAL                      0x2000004a   Data           2  wave.o(.data)
    TIM3CH4_CAPTURE_STA                      0x2000004c   Data           1  wave.o(.data)
    TIM3CH4_CAPTURE_VAL                      0x2000004e   Data           2  wave.o(.data)
    OnRecv                                   0x20000058   Data           4  uart.o(.data)
    packlen                                  0x20000060   Data           2  uartprotocol.o(.data)
    packbuff                                 0x20000064   Data           4  uartprotocol.o(.data)
    sendbuff                                 0x20000068   Data           4  uartprotocol.o(.data)
    recvmode                                 0x2000006c   Data           1  uartprotocol.o(.data)
    RecvFlag                                 0x2000006d   Data           1  uartprotocol.o(.data)
    RecvCheck                                0x2000006e   Data           1  uartprotocol.o(.data)
    TimeOut                                  0x2000006f   Data           1  uartprotocol.o(.data)
    LinkTimeOut                              0x20000070   Data           2  uartprotocol.o(.data)
    recvcmd                                  0x20000072   Data           1  uartprotocol.o(.data)
    savecmd                                  0x20000073   Data           1  uartprotocol.o(.data)
    AutoACK                                  0x20000074   Data           1  uartprotocol.o(.data)
    recvdatapos                              0x20000076   Data           2  uartprotocol.o(.data)
    senddatapos                              0x20000078   Data           2  uartprotocol.o(.data)
    decodeErrlen                             0x2000007a   Data           2  uartprotocol.o(.data)
    this                                     0x20000080   Data           1  timer.o(.data)
    TimerUse                                 0x20000081   Data           1  timer.o(.data)
    InputSP                                  0x20000084   Data           4  timer.o(.data)
    TimerTick                                0x20000088   Data           4  timer.o(.data)
    recvID                                   0x200000c6   Data           1  wifi.o(.data)
    retRecvID                                0x200000c7   Data           1  wifi.o(.data)
    recvarrayid                              0x200000c8   Data           3  wifi.o(.data)
    recvdatalen                              0x200000cc   Data           6  wifi.o(.data)
    recvdatabit                              0x200000d2   Data           3  wifi.o(.data)
    sendID                                   0x200000d5   Data           1  wifi.o(.data)
    retSendID                                0x200000d6   Data           1  wifi.o(.data)
    sendarrayid                              0x200000d7   Data           4  wifi.o(.data)
    senddatalen                              0x200000dc   Data           6  wifi.o(.data)
    senddatabit                              0x200000e2   Data           3  wifi.o(.data)
    remoteDevCount                           0x200000e5   Data           1  wifi.o(.data)
    SeleRemoteDev                            0x200000e6   Data           1  wifi.o(.data)
    sendIP                                   0x200000e7   Data           4  wifi.o(.data)
    scannCount                               0x200000eb   Data           1  wifi.o(.data)
    GetIPID                                  0x200000ec   Data           1  wifi.o(.data)
    scannBut                                 0x200000ed   Data           1  wifi.o(.data)
    countScann                               0x200000ee   Data           1  wifi.o(.data)
    countip                                  0x200000ef   Data           1  wifi.o(.data)
    K1                                       0x200000f0   Data           4  filter.o(.data)
    angle                                    0x200000f4   Data           4  filter.o(.data)
    angle_dot                                0x200000f8   Data           4  filter.o(.data)
    Q_angle                                  0x200000fc   Data           4  filter.o(.data)
    Q_gyro                                   0x20000100   Data           4  filter.o(.data)
    R_angle                                  0x20000104   Data           4  filter.o(.data)
    dt                                       0x20000108   Data           4  filter.o(.data)
    C_0                                      0x2000010c   Data           1  filter.o(.data)
    Q_bias                                   0x20000110   Data           4  filter.o(.data)
    Angle_err                                0x20000114   Data           4  filter.o(.data)
    PCt_0                                    0x20000118   Data           4  filter.o(.data)
    PCt_1                                    0x2000011c   Data           4  filter.o(.data)
    E                                        0x20000120   Data           4  filter.o(.data)
    K_0                                      0x20000124   Data           4  filter.o(.data)
    K_1                                      0x20000128   Data           4  filter.o(.data)
    t_0                                      0x2000012c   Data           4  filter.o(.data)
    t_1                                      0x20000130   Data           4  filter.o(.data)
    PP                                       0x20000134   Data          16  filter.o(.data)
    __stdout                                 0x20000144   Data           4  stdout.o(.data)
    __microlib_freelist                      0x20000148   Data           4  mvars.o(.data)
    __microlib_freelist_initialised          0x2000014c   Data           4  mvars.o(.data)
    LPID                                     0x20000154   Data          28  main.o(.bss)
    RPID                                     0x20000170   Data          28  main.o(.bss)
    UartCmdEvent                             0x2000018c   Data          64  uartprotocol.o(.bss)
    buffdata                                 0x200001cc   Data         128  uartprotocol.o(.bss)
    TimerList                                0x2000024c   Data          96  timer.o(.bss)
    recvarraydata                            0x200002bc   Data          12  wifi.o(.bss)
    sendarraydata                            0x200002c8   Data          12  wifi.o(.bss)
    remoteDev                                0x200002d4   Data         384  wifi.o(.bss)
    meDev                                    0x20000454   Data          24  wifi.o(.bss)
    sendIPstr                                0x2000046c   Data          16  wifi.o(.bss)
    Pdot                                     0x2000047c   Data          16  filter.o(.bss)
    __heap_base                              0x20000490   Data           0  startup_stm32f10x_md.o(HEAP)
    __heap_limit                             0x20000590   Data           0  startup_stm32f10x_md.o(HEAP)
    __initial_sp                             0x20000d90   Data           0  startup_stm32f10x_md.o(STACK)



==============================================================================

Memory Map of the image

  Image Entry point : 0x080000ed

  Load Region LR_IROM1 (Base: 0x08000000, Size: 0x00007a34, Max: 0x00010000, ABSOLUTE, COMPRESSED[0x00007920])

    Execution Region ER_IROM1 (Base: 0x08000000, Size: 0x000078e0, Max: 0x00010000, ABSOLUTE)

    Base Addr    Size         Type   Attr      Idx    E Section Name        Object

    0x08000000   0x000000ec   Data   RO          176    RESET               startup_stm32f10x_md.o
    0x080000ec   0x00000000   Code   RO         1845  * .ARM.Collect$$$$00000000  mc_w.l(entry.o)
    0x080000ec   0x00000004   Code   RO         2218    .ARM.Collect$$$$00000001  mc_w.l(entry2.o)
    0x080000f0   0x00000004   Code   RO         2221    .ARM.Collect$$$$00000004  mc_w.l(entry5.o)
    0x080000f4   0x00000000   Code   RO         2223    .ARM.Collect$$$$00000008  mc_w.l(entry7b.o)
    0x080000f4   0x00000000   Code   RO         2225    .ARM.Collect$$$$0000000A  mc_w.l(entry8b.o)
    0x080000f4   0x00000008   Code   RO         2226    .ARM.Collect$$$$0000000B  mc_w.l(entry9a.o)
    0x080000fc   0x00000000   Code   RO         2228    .ARM.Collect$$$$0000000D  mc_w.l(entry10a.o)
    0x080000fc   0x00000000   Code   RO         2230    .ARM.Collect$$$$0000000F  mc_w.l(entry11a.o)
    0x080000fc   0x00000004   Code   RO         2219    .ARM.Collect$$$$00002712  mc_w.l(entry2.o)
    0x08000100   0x00000024   Code   RO          771    .emb_text           timer.o
    0x08000124   0x0000001c   Code   RO          177    .text               startup_stm32f10x_md.o
    0x08000140   0x00000062   Code   RO         1848    .text               mc_w.l(ldiv.o)
    0x080001a2   0x00000024   Code   RO         1850    .text               mc_w.l(memseta.o)
    0x080001c6   0x00000018   Code   RO         1852    .text               mc_w.l(strcat.o)
    0x080001de   0x00000024   Code   RO         1854    .text               mc_w.l(strstr.o)
    0x08000202   0x0000001a   Code   RO         1856    .text               mc_w.l(memcmp.o)
    0x0800021c   0x0000001a   Code   RO         2147    .text               mc_w.l(atoi.o)
    0x08000236   0x000000b0   Code   RO         2149    .text               mf_w.l(fadd.o)
    0x080002e6   0x00000064   Code   RO         2151    .text               mf_w.l(fmul.o)
    0x0800034a   0x0000007c   Code   RO         2153    .text               mf_w.l(fdiv.o)
    0x080003c6   0x0000014e   Code   RO         2155    .text               mf_w.l(dadd.o)
    0x08000514   0x000000e4   Code   RO         2157    .text               mf_w.l(dmul.o)
    0x080005f8   0x000000de   Code   RO         2159    .text               mf_w.l(ddiv.o)
    0x080006d6   0x00000012   Code   RO         2161    .text               mf_w.l(fflti.o)
    0x080006e8   0x0000000a   Code   RO         2163    .text               mf_w.l(ffltui.o)
    0x080006f2   0x00000022   Code   RO         2165    .text               mf_w.l(dflti.o)
    0x08000714   0x00000032   Code   RO         2167    .text               mf_w.l(ffixi.o)
    0x08000746   0x00000028   Code   RO         2169    .text               mf_w.l(ffixui.o)
    0x0800076e   0x00000026   Code   RO         2173    .text               mf_w.l(f2d.o)
    0x08000794   0x00000038   Code   RO         2175    .text               mf_w.l(d2f.o)
    0x080007cc   0x00000014   Code   RO         2177    .text               mf_w.l(cfcmple.o)
    0x080007e0   0x00000014   Code   RO         2179    .text               mf_w.l(cfrcmple.o)
    0x080007f4   0x00000062   Code   RO         2237    .text               mc_w.l(uldiv.o)
    0x08000856   0x0000001e   Code   RO         2239    .text               mc_w.l(llshl.o)
    0x08000874   0x00000020   Code   RO         2241    .text               mc_w.l(llushr.o)
    0x08000894   0x00000024   Code   RO         2243    .text               mc_w.l(llsshr.o)
    0x080008b8   0x00000070   Code   RO         2258    .text               mc_w.l(strtol.o)
    0x08000928   0x00000000   Code   RO         2260    .text               mc_w.l(iusefp.o)
    0x08000928   0x0000006e   Code   RO         2261    .text               mf_w.l(fepilogue.o)
    0x08000996   0x000000ba   Code   RO         2263    .text               mf_w.l(depilogue.o)
    0x08000a50   0x0000002e   Code   RO         2265    .text               mf_w.l(dscalb.o)
    0x08000a7e   0x00000002   PAD
    0x08000a80   0x00000024   Code   RO         2271    .text               mc_w.l(init.o)
    0x08000aa4   0x00000000   Code   RO         2273    .text               mc_w.l(semi.o)
    0x08000aa4   0x00000008   Code   RO         2274    .text               mc_w.l(ctype_o.o)
    0x08000aac   0x0000009e   Code   RO         2302    .text               mc_w.l(_strtoul.o)
    0x08000b4a   0x00000000   Code   RO         2304    .text               mc_w.l(iusesemip.o)
    0x08000b4a   0x000000a2   Code   RO         2305    .text               mf_w.l(dsqrt.o)
    0x08000bec   0x0000001c   Code   RO         2309    .text               mc_w.l(_chval.o)
    0x08000c08   0x0000003a   Code   RO         2319    .text               mc_w.l(__dczerorl.o)
    0x08000c42   0x00000002   PAD
    0x08000c44   0x00000050   Code   RO          861    i.Ack               iic.o
    0x08000c94   0x0000002c   Code   RO          772    i.AddDelay          timer.o
    0x08000cc0   0x0000018c   Code   RO         1637    i.AliveEvent        wifi.o
    0x08000e4c   0x00000008   Code   RO          773    i.CallFun           timer.o
    0x08000e54   0x00000044   Code   RO         1638    i.ConnectSend       wifi.o
    0x08000e98   0x000000b0   Code   RO         1639    i.ConnectSendCode   wifi.o
    0x08000f48   0x0000016c   Code   RO         1640    i.DeErrEvent        wifi.o
    0x080010b4   0x00000044   Code   RO          774    i.Delay             timer.o
    0x080010f8   0x00000050   Code   RO            1    i.GetDataEvent      main.o
    0x08001148   0x00000050   Code   RO         1641    i.GetIPIDCmd        wifi.o
    0x08001198   0x0000000c   Code   RO         1642    i.GetIPIDStart      wifi.o
    0x080011a4   0x000001d4   Code   RO            2    i.GetMPU            main.o
    0x08001378   0x0000000a   Code   RO            3    i.GetMPUTick        main.o
    0x08001382   0x00000002   PAD
    0x08001384   0x00000058   Code   RO          918    i.Get_Accelerometer  mpu6050.o
    0x080013dc   0x00000058   Code   RO          919    i.Get_Gyroscope     mpu6050.o
    0x08001434   0x0000006c   Code   RO          920    i.Get_Temperature   mpu6050.o
    0x080014a0   0x000000f0   Code   RO          401    i.Init              motor.o
    0x08001590   0x00000014   Code   RO          430    i.Init              pid.o
    0x080015a4   0x00000040   Code   RO          601    i.Init              uartprotocol.o
    0x080015e4   0x0000003c   Code   RO          862    i.Init              iic.o
    0x08001620   0x000000a0   Code   RO          921    i.Init              mpu6050.o
    0x080016c0   0x00000010   Code   RO         1643    i.Init              wifi.o
    0x080016d0   0x0000000c   Code   RO         1743    i.Init              encoder.o
    0x080016dc   0x0000002c   Code   RO          775    i.InitTimer         timer.o
    0x08001708   0x00000030   Code   RO          339    i.JTAG_Set          sys.o
    0x08001738   0x00000278   Code   RO         1802    i.Kalman_Filter     filter.o
    0x080019b0   0x0000002c   Code   RO          776    i.KillThisTimer     timer.o
    0x080019dc   0x00000024   Code   RO          777    i.KillTimer         timer.o
    0x08001a00   0x0000000c   Code   RO         1744    i.LEncoder          encoder.o
    0x08001a0c   0x00000068   Code   RO          340    i.MYRCC_DeInit      sys.o
    0x08001a74   0x00000014   Code   RO          343    i.MY_NVIC_SetVectorTable  sys.o
    0x08001a88   0x00000050   Code   RO          863    i.NAck              iic.o
    0x08001ad8   0x00000160   Code   RO          602    i.OnRecvData        uartprotocol.o
    0x08001c38   0x00000062   Code   RO          431    i.PositionPID       pid.o
    0x08001c9a   0x0000000a   Code   RO         1745    i.REncoder          encoder.o
    0x08001ca4   0x00000050   Code   RO          603    i.ReadBuff          uartprotocol.o
    0x08001cf4   0x00000034   Code   RO          604    i.ReadByte          uartprotocol.o
    0x08001d28   0x000000e0   Code   RO            4    i.ReadDMP           main.o
    0x08001e08   0x00000078   Code   RO          605    i.ReadDWord         uartprotocol.o
    0x08001e80   0x00000046   Code   RO          864    i.ReadOneByte       iic.o
    0x08001ec6   0x00000002   PAD
    0x08001ec8   0x00000050   Code   RO          606    i.ReadWord          uartprotocol.o
    0x08001f18   0x00000070   Code   RO          865    i.Read_Byte         iic.o
    0x08001f88   0x00000054   Code   RO          922    i.Read_Byte         mpu6050.o
    0x08001fdc   0x00000090   Code   RO          923    i.Read_Len          mpu6050.o
    0x0800206c   0x0000000c   Code   RO          607    i.RegisterCmdEvent  uartprotocol.o
    0x08002078   0x0000002c   Code   RO         1644    i.ScannCmd          wifi.o
    0x080020a4   0x00000020   Code   RO         1645    i.ScannStart        wifi.o
    0x080020c4   0x00000044   Code   RO          608    i.SendCmdPack       uartprotocol.o
    0x08002108   0x00000070   Code   RO         1646    i.SendMeIPEvent     wifi.o
    0x08002178   0x00000064   Code   RO          609    i.SendPack          uartprotocol.o
    0x080021dc   0x00000068   Code   RO          866    i.Send_Byte         iic.o
    0x08002244   0x000000c8   Code   RO            5    i.SetDataEvent      main.o
    0x0800230c   0x00000018   Code   RO          778    i.SetDelay          timer.o
    0x08002324   0x00000098   Code   RO          402    i.SetSpeed          motor.o
    0x080023bc   0x00000060   Code   RO          779    i.SetTimer          timer.o
    0x0800241c   0x00000018   Code   RO          924    i.Set_Accel_Fsr     mpu6050.o
    0x08002434   0x00000018   Code   RO          925    i.Set_Gyro_Fsr      mpu6050.o
    0x0800244c   0x00000040   Code   RO          926    i.Set_LPF           mpu6050.o
    0x0800248c   0x00000044   Code   RO          927    i.Set_Rate          mpu6050.o
    0x080024d0   0x00000018   Code   RO          610    i.Setoffset         uartprotocol.o
    0x080024e8   0x0000004c   Code   RO          867    i.Start             iic.o
    0x08002534   0x00000090   Code   RO          344    i.Stm32_Clock_Init  sys.o
    0x080025c4   0x0000004c   Code   RO          868    i.Stop              iic.o
    0x08002610   0x00000048   Code   RO          780    i.SysTick_Handler   timer.o
    0x08002658   0x0000007c   Code   RO         1746    i.TIM2_Encoder      encoder.o
    0x080026d4   0x00000174   Code   RO          216    i.TIM3_IRQHandler   wave.o
    0x08002848   0x00000094   Code   RO         1747    i.TIM4_Encoder      encoder.o
    0x080028dc   0x000000d4   Code   RO          781    i.TimerRun          timer.o
    0x080029b0   0x000000c0   Code   RO          536    i.UART_Init         uart.o
    0x08002a70   0x0000000c   Code   RO          537    i.UART_OnRecv       uart.o
    0x08002a7c   0x00000060   Code   RO          538    i.UART_ReSetBps     uart.o
    0x08002adc   0x00000022   Code   RO          539    i.UART_SendBuff     uart.o
    0x08002afe   0x00000002   PAD
    0x08002b00   0x0000001c   Code   RO          540    i.UART_SendByte     uart.o
    0x08002b1c   0x0000001e   Code   RO          541    i.UART_SendString   uart.o
    0x08002b3a   0x00000002   PAD
    0x08002b3c   0x00000020   Code   RO          543    i.USART1_IRQHandler  uart.o
    0x08002b5c   0x000000ac   Code   RO          612    i.UartCmd           uartprotocol.o
    0x08002c08   0x0000002c   Code   RO          613    i.UnRegisterCmdEvent  uartprotocol.o
    0x08002c34   0x00000064   Code   RO          869    i.Wait_Ack          iic.o
    0x08002c98   0x0000004c   Code   RO          614    i.WriteBuff         uartprotocol.o
    0x08002ce4   0x00000030   Code   RO          615    i.WriteByte         uartprotocol.o
    0x08002d14   0x00000070   Code   RO          616    i.WriteDWord        uartprotocol.o
    0x08002d84   0x00000070   Code   RO          617    i.WriteFloat        uartprotocol.o
    0x08002df4   0x00000048   Code   RO          618    i.WriteWord         uartprotocol.o
    0x08002e3c   0x0000005c   Code   RO          928    i.Write_Byte        mpu6050.o
    0x08002e98   0x00000078   Code   RO          929    i.Write_Len         mpu6050.o
    0x08002f10   0x0000003c   Code   RO          619    i.Writestr          uartprotocol.o
    0x08002f4c   0x00000094   Code   RO         1803    i.Yijielvbo         filter.o
    0x08002fe0   0x0000001c   Code   RO          782    i.ZeroDelay         timer.o
    0x08002ffc   0x00000020   Code   RO         2065    i.__0printf$8       mc_w.l(printf8.o)
    0x0800301c   0x00000028   Code   RO         2067    i.__0sprintf$8      mc_w.l(printf8.o)
    0x08003044   0x00000028   Code   RO         2205    i.__ARM_fpclassify  m_ws.l(fpclassify.o)
    0x0800306c   0x00000008   Code   RO         2251    i.__aeabi_errno_addr  mc_w.l(errno.o)
    0x08003074   0x000000aa   Code   RO         2207    i.__kernel_poly     m_ws.l(poly.o)
    0x0800311e   0x00000006   Code   RO         2192    i.__mathlib_dbl_infnan  m_ws.l(dunder.o)
    0x08003124   0x00000004   Code   RO         2193    i.__mathlib_dbl_infnan2  m_ws.l(dunder.o)
    0x08003128   0x0000000c   Code   RO         2194    i.__mathlib_dbl_invalid  m_ws.l(dunder.o)
    0x08003134   0x00000010   Code   RO         2197    i.__mathlib_dbl_underflow  m_ws.l(dunder.o)
    0x08003144   0x0000000e   Code   RO         2313    i.__scatterload_copy  mc_w.l(handlers.o)
    0x08003152   0x00000002   Code   RO         2314    i.__scatterload_null  mc_w.l(handlers.o)
    0x08003154   0x0000000e   Code   RO         2315    i.__scatterload_zeroinit  mc_w.l(handlers.o)
    0x08003162   0x00000002   PAD
    0x08003164   0x0000000c   Code   RO         2253    i.__set_errno       mc_w.l(errno.o)
    0x08003170   0x00000410   Code   RO         2072    i._printf_core      mc_w.l(printf8.o)
    0x08003580   0x00000024   Code   RO         2073    i._printf_post_padding  mc_w.l(printf8.o)
    0x080035a4   0x0000002e   Code   RO         2074    i._printf_pre_padding  mc_w.l(printf8.o)
    0x080035d2   0x0000000a   Code   RO         2076    i._sputc            mc_w.l(printf8.o)
    0x080035dc   0x0000000c   Code   RO          620    i.aack              uartprotocol.o
    0x080035e8   0x000000a8   Code   RO         1196    i.accel_self_test   inv_mpu.o
    0x08003690   0x00000028   Code   RO          621    i.ackpack           uartprotocol.o
    0x080036b8   0x00000270   Code   RO         1828    i.asin              m_ws.l(asin.o)
    0x08003928   0x00000220   Code   RO         2182    i.atan              m_ws.l(atan.o)
    0x08003b48   0x00000180   Code   RO         1838    i.atan2             m_ws.l(atan2.o)
    0x08003cc8   0x00000054   Code   RO            6    i.balance           main.o
    0x08003d1c   0x00000094   Code   RO            7    i.control           main.o
    0x08003db0   0x00000064   Code   RO          994    i.decode_gesture    inv_mpu_dmp_motion_driver.o
    0x08003e14   0x00000020   Code   RO          288    i.delay_init        delay.o
    0x08003e34   0x00000018   Code   RO          289    i.delay_ms          delay.o
    0x08003e4c   0x00000048   Code   RO          291    i.delay_us          delay.o
    0x08003e94   0x0000003c   Code   RO          995    i.dmp_enable_6x_lp_quat  inv_mpu_dmp_motion_driver.o
    0x08003ed0   0x0000021c   Code   RO          996    i.dmp_enable_feature  inv_mpu_dmp_motion_driver.o
    0x080040ec   0x00000058   Code   RO          997    i.dmp_enable_gyro_cal  inv_mpu_dmp_motion_driver.o
    0x08004144   0x0000003c   Code   RO          998    i.dmp_enable_lp_quat  inv_mpu_dmp_motion_driver.o
    0x08004180   0x00000018   Code   RO         1003    i.dmp_load_motion_driver_firmware  inv_mpu_dmp_motion_driver.o
    0x08004198   0x000001cc   Code   RO         1004    i.dmp_read_fifo     inv_mpu_dmp_motion_driver.o
    0x08004364   0x00000130   Code   RO         1007    i.dmp_set_accel_bias  inv_mpu_dmp_motion_driver.o
    0x08004494   0x00000070   Code   RO         1008    i.dmp_set_fifo_rate  inv_mpu_dmp_motion_driver.o
    0x08004504   0x00000130   Code   RO         1009    i.dmp_set_gyro_bias  inv_mpu_dmp_motion_driver.o
    0x08004634   0x00000138   Code   RO         1011    i.dmp_set_orientation  inv_mpu_dmp_motion_driver.o
    0x0800476c   0x00000038   Code   RO         1014    i.dmp_set_shake_reject_thresh  inv_mpu_dmp_motion_driver.o
    0x080047a4   0x00000026   Code   RO         1015    i.dmp_set_shake_reject_time  inv_mpu_dmp_motion_driver.o
    0x080047ca   0x00000026   Code   RO         1016    i.dmp_set_shake_reject_timeout  inv_mpu_dmp_motion_driver.o
    0x080047f0   0x00000046   Code   RO         1017    i.dmp_set_tap_axes  inv_mpu_dmp_motion_driver.o
    0x08004836   0x00000026   Code   RO         1018    i.dmp_set_tap_count  inv_mpu_dmp_motion_driver.o
    0x0800485c   0x000001a0   Code   RO         1019    i.dmp_set_tap_thresh  inv_mpu_dmp_motion_driver.o
    0x080049fc   0x00000026   Code   RO         1020    i.dmp_set_tap_time  inv_mpu_dmp_motion_driver.o
    0x08004a22   0x00000026   Code   RO         1021    i.dmp_set_tap_time_multi  inv_mpu_dmp_motion_driver.o
    0x08004a48   0x00000012   Code   RO         2232    i.fputc             mc_w.l(fputc.o)
    0x08004a5a   0x00000002   PAD
    0x08004a5c   0x00000050   Code   RO         2119    i.free              mc_w.l(malloc.o)
    0x08004aac   0x000000b0   Code   RO         1647    i.getData           wifi.o
    0x08004b5c   0x000000bc   Code   RO         1197    i.get_accel_prod_shift  inv_mpu.o
    0x08004c18   0x00000498   Code   RO         1198    i.get_st_biases     inv_mpu.o
    0x080050b0   0x00000014   Code   RO          622    i.getbuff           uartprotocol.o
    0x080050c4   0x0000000c   Code   RO          623    i.getcmd            uartprotocol.o
    0x080050d0   0x0000000c   Code   RO          624    i.getlen            uartprotocol.o
    0x080050dc   0x00000014   Code   RO          625    i.getsendbuff       uartprotocol.o
    0x080050f0   0x00000118   Code   RO         1199    i.gyro_self_test    inv_mpu.o
    0x08005208   0x00000028   Code   RO         1200    i.inv_orientation_matrix_to_scalar  inv_mpu.o
    0x08005230   0x0000004e   Code   RO         1201    i.inv_row_2_scale   inv_mpu.o
    0x0800527e   0x00000002   PAD
    0x08005280   0x00000014   Code   RO          626    i.isLink            uartprotocol.o
    0x08005294   0x0000001c   Code   RO          783    i.isUse             timer.o
    0x080052b0   0x00000148   Code   RO            8    i.main              main.o
    0x080053f8   0x0000006c   Code   RO         2120    i.malloc            mc_w.l(malloc.o)
    0x08005464   0x00000002   Code   RO         1202    i.mget_ms           inv_mpu.o
    0x08005466   0x00000002   PAD
    0x08005468   0x00000070   Code   RO         1203    i.mpu_configure_fifo  inv_mpu.o
    0x080054d8   0x000000a0   Code   RO         1205    i.mpu_dmp_init      inv_mpu.o
    0x08005578   0x0000004c   Code   RO         1206    i.mpu_get_accel_fsr  inv_mpu.o
    0x080055c4   0x00000054   Code   RO         1208    i.mpu_get_accel_sens  inv_mpu.o
    0x08005618   0x00000010   Code   RO         1213    i.mpu_get_fifo_config  inv_mpu.o
    0x08005628   0x00000044   Code   RO         1214    i.mpu_get_gyro_fsr  inv_mpu.o
    0x0800566c   0x00000050   Code   RO         1216    i.mpu_get_gyro_sens  inv_mpu.o
    0x080056bc   0x00000050   Code   RO         1218    i.mpu_get_lpf       inv_mpu.o
    0x0800570c   0x00000020   Code   RO         1220    i.mpu_get_sample_rate  inv_mpu.o
    0x0800572c   0x000001fc   Code   RO         1222    i.mpu_init          inv_mpu.o
    0x08005928   0x000000c0   Code   RO         1223    i.mpu_load_firmware  inv_mpu.o
    0x080059e8   0x000000e8   Code   RO         1224    i.mpu_lp_accel_mode  inv_mpu.o
    0x08005ad0   0x000000d0   Code   RO         1227    i.mpu_read_fifo_stream  inv_mpu.o
    0x08005ba0   0x00000088   Code   RO         1228    i.mpu_read_mem      inv_mpu.o
    0x08005c28   0x000001e0   Code   RO         1231    i.mpu_reset_fifo    inv_mpu.o
    0x08005e08   0x0000011c   Code   RO         1232    i.mpu_run_self_test  inv_mpu.o
    0x08005f24   0x00000088   Code   RO         1234    i.mpu_set_accel_fsr  inv_mpu.o
    0x08005fac   0x0000015c   Code   RO         1235    i.mpu_set_bypass    inv_mpu.o
    0x08006108   0x00000098   Code   RO         1237    i.mpu_set_dmp_state  inv_mpu.o
    0x080061a0   0x00000090   Code   RO         1238    i.mpu_set_gyro_fsr  inv_mpu.o
    0x08006230   0x00000070   Code   RO         1239    i.mpu_set_int_latched  inv_mpu.o
    0x080062a0   0x00000088   Code   RO         1241    i.mpu_set_lpf       inv_mpu.o
    0x08006328   0x000000a4   Code   RO         1242    i.mpu_set_sample_rate  inv_mpu.o
    0x080063cc   0x000000d8   Code   RO         1243    i.mpu_set_sensors   inv_mpu.o
    0x080064a4   0x00000088   Code   RO         1244    i.mpu_write_mem     inv_mpu.o
    0x0800652c   0x0000000e   Code   RO          403    i.myabs             motor.o
    0x0800653a   0x00000002   PAD
    0x0800653c   0x00000010   Code   RO          627    i.noack             uartprotocol.o
    0x0800654c   0x00000094   Code   RO         1245    i.run_self_test     inv_mpu.o
    0x080065e0   0x00000148   Code   RO         1648    i.sendServing       wifi.o
    0x08006728   0x00000024   Code   RO          628    i.sendackpacket     uartprotocol.o
    0x0800674c   0x000000f0   Code   RO         1649    i.setData           wifi.o
    0x0800683c   0x00000098   Code   RO         1246    i.set_int_enable    inv_mpu.o
    0x080068d4   0x0000004c   Code   RO         2211    i.sqrt              m_ws.l(sqrt.o)
    0x08006920   0x0000003c   Code   RO            9    i.tick              main.o
    0x0800695c   0x00000008   Data   RO          404    .constdata          motor.o
    0x08006964   0x00000008   Data   RO          432    .constdata          pid.o
    0x0800696c   0x00000018   Data   RO          544    .constdata          uart.o
    0x08006984   0x00000068   Data   RO          630    .constdata          uartprotocol.o
    0x080069ec   0x00000028   Data   RO          785    .constdata          timer.o
    0x08006a14   0x00000024   Data   RO          870    .constdata          iic.o
    0x08006a38   0x00000030   Data   RO          930    .constdata          mpu6050.o
    0x08006a68   0x00000bf6   Data   RO         1023    .constdata          inv_mpu_dmp_motion_driver.o
    0x0800765e   0x00000002   PAD
    0x08007660   0x00000050   Data   RO         1248    .constdata          inv_mpu.o
    0x080076b0   0x00000038   Data   RO         1651    .constdata          wifi.o
    0x080076e8   0x0000000c   Data   RO         1748    .constdata          encoder.o
    0x080076f4   0x00000004   PAD
    0x080076f8   0x00000050   Data   RO         1829    .constdata          m_ws.l(asin.o)
    0x08007748   0x00000098   Data   RO         2183    .constdata          m_ws.l(atan.o)
    0x080077e0   0x00000008   Data   RO         2209    .constdata          m_ws.l(qnan.o)
    0x080077e8   0x00000081   Data   RO         2275    .constdata          mc_w.l(ctype_o.o)
    0x08007869   0x00000003   PAD
    0x0800786c   0x00000004   Data   RO         2276    .constdata          mc_w.l(ctype_o.o)
    0x08007870   0x0000004d   Data   RO         1249    .conststring        inv_mpu.o
    0x080078bd   0x00000003   PAD
    0x080078c0   0x00000020   Data   RO         2311    Region$$Table       anon$$obj.o


    Execution Region RW_IRAM1 (Base: 0x20000000, Size: 0x00000d90, Max: 0x00005000, ABSOLUTE, COMPRESSED[0x00000040])

    Base Addr    Size         Type   Attr      Idx    E Section Name        Object

    0x20000000   0x00000040   Data   RW           12    .data               main.o
    0x20000040   0x00000011   Data   RW          221    .data               wave.o
    0x20000051   0x00000001   PAD
    0x20000052   0x00000004   Data   RW          292    .data               delay.o
    0x20000056   0x00000002   PAD
    0x20000058   0x00000008   Data   RW          545    .data               uart.o
    0x20000060   0x0000001e   Data   RW          631    .data               uartprotocol.o
    0x2000007e   0x00000002   PAD
    0x20000080   0x0000000d   Data   RW          786    .data               timer.o
    0x2000008d   0x00000003   PAD
    0x20000090   0x00000035   Data   RW         1250    .data               inv_mpu.o
    0x200000c5   0x00000001   PAD
    0x200000c6   0x0000002a   Data   RW         1652    .data               wifi.o
    0x200000f0   0x00000054   Data   RW         1805    .data               filter.o
    0x20000144   0x00000004   Data   RW         2234    .data               mc_w.l(stdout.o)
    0x20000148   0x00000004   Data   RW         2249    .data               mc_w.l(mvars.o)
    0x2000014c   0x00000004   Data   RW         2250    .data               mc_w.l(mvars.o)
    0x20000150   0x00000004   Data   RW         2254    .data               mc_w.l(errno.o)
    0x20000154   0x00000038   Zero   RW           11    .bss                main.o
    0x2000018c   0x000000c0   Zero   RW          629    .bss                uartprotocol.o
    0x2000024c   0x00000060   Zero   RW          784    .bss                timer.o
    0x200002ac   0x00000010   Zero   RW         1022    .bss                inv_mpu_dmp_motion_driver.o
    0x200002bc   0x000001c0   Zero   RW         1650    .bss                wifi.o
    0x2000047c   0x00000010   Zero   RW         1804    .bss                filter.o
    0x2000048c   0x00000004   PAD
    0x20000490   0x00000100   Zero   RW          175    HEAP                startup_stm32f10x_md.o
    0x20000590   0x00000800   Zero   RW          174    STACK               startup_stm32f10x_md.o


==============================================================================

Image component sizes


      Code (inc. data)   RO Data    RW Data    ZI Data      Debug   Object Name

       128         12          0          4          0     203451   delay.o
       306         26         12          0          0       3162   encoder.o
       780         90          0         84         16       2310   filter.o
       758        104         36          0          0       5758   iic.o
      6524        362        157         53          0      29597   inv_mpu.o
      3096        122       3062          0         16      20218   inv_mpu_dmp_motion_driver.o
      1602        214          0         64         56     218524   main.o
       406         26          8          0          0       2715   motor.o
      1064         78         48          0          0      10178   mpu6050.o
       118          0          8          0          0       2186   pid.o
        28          4        236          0       2304        816   startup_stm32f10x_md.o
       316         42          0          0          0       2062   sys.o
       740        100         40         13         96       8082   timer.o
       424         62         24          8          0      20269   uart.o
      1836        298        104         30        192      17206   uartprotocol.o
       372         20          0         17          0     204123   wave.o
      2044        374         56         42        448      12667   wifi.o

    ----------------------------------------------------------------------
     20556       1934       3832        324       3132     763324   Object Totals
         0          0         32          0          0          0   (incl. Generated)
        14          0          9          9          4          0   (incl. Padding)

    ----------------------------------------------------------------------

      Code (inc. data)   RO Data    RW Data    ZI Data      Debug   Library Member Name

       624         52         80          0          0        168   asin.o
       544         70        152          0          0        124   atan.o
       384         38          0          0          0        144   atan2.o
        38          6          0          0          0        272   dunder.o
        40          0          0          0          0         68   fpclassify.o
       170          0          0          0          0         96   poly.o
         0          0          8          0          0          0   qnan.o
        76          0          0          0          0         84   sqrt.o
        58          0          0          0          0          0   __dczerorl.o
        28          0          0          0          0         68   _chval.o
       158          0          0          0          0         92   _strtoul.o
        26          0          0          0          0         80   atoi.o
         8          4        133          0          0         68   ctype_o.o
         0          0          0          0          0          0   entry.o
         0          0          0          0          0          0   entry10a.o
         0          0          0          0          0          0   entry11a.o
         8          4          0          0          0          0   entry2.o
         4          0          0          0          0          0   entry5.o
         0          0          0          0          0          0   entry7b.o
         0          0          0          0          0          0   entry8b.o
         8          4          0          0          0          0   entry9a.o
        20         10          0          4          0        136   errno.o
        18          0          0          0          0         80   fputc.o
        30          0          0          0          0          0   handlers.o
        36          8          0          0          0         68   init.o
         0          0          0          0          0          0   iusefp.o
         0          0          0          0          0          0   iusesemip.o
        98          0          0          0          0         84   ldiv.o
        30          0          0          0          0         68   llshl.o
        36          0          0          0          0         68   llsshr.o
        32          0          0          0          0         68   llushr.o
       188         20          0          0          0        160   malloc.o
        26          0          0          0          0         80   memcmp.o
        36          0          0          0          0        108   memseta.o
         0          0          0          8          0          0   mvars.o
      1204         60          0          0          0        504   printf8.o
         0          0          0          0          0          0   semi.o
         0          0          0          4          0          0   stdout.o
        24          0          0          0          0         68   strcat.o
        36          0          0          0          0         80   strstr.o
       112          0          0          0          0         88   strtol.o
        98          0          0          0          0         92   uldiv.o
        20          0          0          0          0         68   cfcmple.o
        20          0          0          0          0         68   cfrcmple.o
        56          0          0          0          0         88   d2f.o
       334          0          0          0          0        148   dadd.o
       222          0          0          0          0        100   ddiv.o
       186          0          0          0          0        176   depilogue.o
        34          0          0          0          0         76   dflti.o
       228          0          0          0          0         96   dmul.o
        46          0          0          0          0         80   dscalb.o
       162          0          0          0          0        100   dsqrt.o
        38          0          0          0          0         68   f2d.o
       176          0          0          0          0        140   fadd.o
       124          0          0          0          0         88   fdiv.o
       110          0          0          0          0        168   fepilogue.o
        50          0          0          0          0         68   ffixi.o
        40          0          0          0          0         68   ffixui.o
        18          0          0          0          0         68   fflti.o
        10          0          0          0          0         68   ffltui.o
       100          0          0          0          0         76   fmul.o

    ----------------------------------------------------------------------
      6180        276        376         16          0       4828   Library Totals
         8          0          3          0          0          0   (incl. Padding)

    ----------------------------------------------------------------------

      Code (inc. data)   RO Data    RW Data    ZI Data      Debug   Library Name

      1876        166        240          0          0        956   m_ws.l
      2322        110        133         16          0       2060   mc_w.l
      1974          0          0          0          0       1812   mf_w.l

    ----------------------------------------------------------------------
      6180        276        376         16          0       4828   Library Totals

    ----------------------------------------------------------------------

==============================================================================


      Code (inc. data)   RO Data    RW Data    ZI Data      Debug   

     26736       2210       4208        340       3132     757412   Grand Totals
     26736       2210       4208         64       3132     757412   ELF Image Totals (compressed)
     26736       2210       4208         64          0          0   ROM Totals

==============================================================================

    Total RO  Size (Code + RO Data)                30944 (  30.22kB)
    Total RW  Size (RW Data + ZI Data)              3472 (   3.39kB)
    Total ROM Size (Code + RO Data + RW Data)      31008 (  30.28kB)

==============================================================================

